// Jest Snapshot v1, https://goo.gl/fbAQLP

exports[`Label component: should match the snapshot 1`] = `
<DocumentFragment>
  <label
    class="label"
    data-testid="label-test-id"
    for="test-id"
  >
    <span
      class="label__text"
    >
      test-label
    </span>
  </label>
</DocumentFragment>
`;
