// Jest Snapshot v1, https://goo.gl/fbAQLP

exports[`Tooltip component: matches the snapshot 1`] = `
<DocumentFragment>
  <span
    class="tooltip"
  >
    Test text
  </span>
</DocumentFragment>
`;
